<amp-img alt="Alt" src="/logo.ff614f16.svg" width="80" height="80">
  <noscript>
    <img src="/logo.ff614f16.svg" width="80" height="80" alt="Alt">
  </noscript>
</amp-img>
<amp-img alt="Alt" src="/logo.ff614235.svg" width="80" height="80">
  <noscript>
    <img src="/logo.ff614235.svg" width="80" height="80" alt="Alt">
  </noscript>
</amp-img>
